
Setting environment for using XAMPP for Windows.
Treinamento@RD723932 c:\xampp2
# -u root
'-u' não é reconhecido como um comando interno
ou externo, um programa operável ou um arquivo em lotes.

Treinamento@RD723932 c:\xampp2
# cd ..

Treinamento@RD723932 c:\
# C:\Users\Treinamento\Desktop\TESTE
'C:\Users\Treinamento\Desktop\TESTE' não é reconhecido como um comando interno
ou externo, um programa operável ou um arquivo em lotes.

Treinamento@RD723932 c:\
# cd C:\Users\Treinamento\Desktop\TESTE

Treinamento@RD723932 C:\Users\Treinamento\Desktop\TESTE
#
Treinamento@RD723932 C:\Users\Treinamento\Desktop\TESTE
# mysql -u root;
ERROR 1045 (28000): Access denied for user 'root;'@'localhost' (using password: NO)

Treinamento@RD723932 C:\Users\Treinamento\Desktop\TESTE
# mysql -u root
Welcome to the MariaDB monitor.  Commands end with ; or \g.
Your MariaDB connection id is 9
Server version: 10.4.11-MariaDB mariadb.org binary distribution

Copyright (c) 2000, 2018, Oracle, MariaDB Corporation Ab and others.

Type 'help;' or '\h' for help. Type '\c' to clear the current input statement.

MariaDB [(none)]> create database teste;
Query OK, 1 row affected (0.056 sec)

MariaDB [(none)]> use teste;
Database changed
MariaDB [teste]> C:\Users\Treinamento\Desktop\TESTE
ERROR: Unknown command '\U'.
No previous outfile available, you must give a filename!
    ->
    -> ;
ERROR 1064 (42000): You have an error in your SQL syntax; check the manual that corresponds to your MariaDB server version for the right syntax to use near 'C:\Users' at line 1
MariaDB [teste]> ambiente.sql
    -> ;
ERROR 1064 (42000): You have an error in your SQL syntax; check the manual that corresponds to your MariaDB server version for the right syntax to use near 'ambiente.sql' at line 1
MariaDB [teste]> source ambiente.sql;
ERROR: Failed to open file 'ambiente.sql', error: 2
MariaDB [teste]> source ambiente.sql;
Query OK, 0 rows affected (0.070 sec)

Query OK, 0 rows affected (0.006 sec)

Query OK, 0 rows affected (0.008 sec)

Query OK, 0 rows affected (0.008 sec)

Query OK, 0 rows affected (0.008 sec)

Query OK, 0 rows affected (0.008 sec)

Query OK, 0 rows affected (0.007 sec)

Query OK, 0 rows affected (0.009 sec)

Query OK, 0 rows affected (0.007 sec)

Query OK, 0 rows affected (0.007 sec)

Query OK, 0 rows affected (0.008 sec)

Query OK, 0 rows affected (0.007 sec)

Query OK, 0 rows affected (0.008 sec)

Query OK, 0 rows affected (0.012 sec)

Query OK, 0 rows affected (0.009 sec)

Query OK, 0 rows affected (0.011 sec)

Query OK, 0 rows affected (0.009 sec)

Query OK, 0 rows affected (0.029 sec)
Records: 0  Duplicates: 0  Warnings: 0

Query OK, 0 rows affected (0.023 sec)
Records: 0  Duplicates: 0  Warnings: 0

Query OK, 0 rows affected (0.042 sec)
Records: 0  Duplicates: 0  Warnings: 0

Query OK, 0 rows affected (0.053 sec)
Records: 0  Duplicates: 0  Warnings: 0

Query OK, 0 rows affected (0.030 sec)
Records: 0  Duplicates: 0  Warnings: 0

Query OK, 0 rows affected (0.029 sec)
Records: 0  Duplicates: 0  Warnings: 0

Query OK, 0 rows affected (0.035 sec)
Records: 0  Duplicates: 0  Warnings: 0

Query OK, 0 rows affected (0.025 sec)
Records: 0  Duplicates: 0  Warnings: 0

Query OK, 0 rows affected (0.033 sec)
Records: 0  Duplicates: 0  Warnings: 0

Query OK, 0 rows affected (0.033 sec)
Records: 0  Duplicates: 0  Warnings: 0

Query OK, 0 rows affected (0.027 sec)
Records: 0  Duplicates: 0  Warnings: 0

Query OK, 0 rows affected (0.027 sec)
Records: 0  Duplicates: 0  Warnings: 0

Query OK, 0 rows affected (0.036 sec)
Records: 0  Duplicates: 0  Warnings: 0

Query OK, 0 rows affected (0.052 sec)
Records: 0  Duplicates: 0  Warnings: 0

Query OK, 0 rows affected (0.040 sec)
Records: 0  Duplicates: 0  Warnings: 0

Query OK, 0 rows affected (0.033 sec)
Records: 0  Duplicates: 0  Warnings: 0

Query OK, 0 rows affected (0.024 sec)
Records: 0  Duplicates: 0  Warnings: 0

Query OK, 0 rows affected (0.041 sec)
Records: 0  Duplicates: 0  Warnings: 0

Query OK, 0 rows affected (0.040 sec)
Records: 0  Duplicates: 0  Warnings: 0

Query OK, 0 rows affected (0.040 sec)
Records: 0  Duplicates: 0  Warnings: 0

Query OK, 1 row affected (0.017 sec)

Query OK, 1 row affected (0.001 sec)

Query OK, 1 row affected (0.006 sec)

Query OK, 1 row affected (0.001 sec)

Query OK, 1 row affected (0.005 sec)

Query OK, 1 row affected (0.001 sec)

Query OK, 1 row affected (0.001 sec)

Query OK, 1 row affected (0.006 sec)

Query OK, 1 row affected (0.001 sec)

Query OK, 1 row affected (0.001 sec)

Query OK, 1 row affected (0.004 sec)

Query OK, 1 row affected (0.001 sec)

Query OK, 1 row affected (0.002 sec)

Query OK, 1 row affected (0.004 sec)

Query OK, 1 row affected (0.001 sec)

Query OK, 1 row affected (0.002 sec)

Query OK, 1 row affected (0.006 sec)

Query OK, 1 row affected (0.001 sec)

Query OK, 1 row affected, 1 warning (0.009 sec)

Query OK, 1 row affected, 1 warning (0.001 sec)

Query OK, 1 row affected, 1 warning (0.001 sec)

Query OK, 1 row affected, 1 warning (0.001 sec)

Query OK, 1 row affected, 1 warning (0.001 sec)

Query OK, 1 row affected, 1 warning (0.002 sec)

Query OK, 1 row affected, 1 warning (0.001 sec)

Query OK, 1 row affected, 1 warning (0.001 sec)

Query OK, 1 row affected, 1 warning (0.001 sec)

Query OK, 1 row affected, 1 warning (0.001 sec)

Query OK, 1 row affected, 1 warning (0.001 sec)

Query OK, 1 row affected, 1 warning (0.001 sec)

Query OK, 1 row affected, 1 warning (0.003 sec)

Query OK, 1 row affected, 1 warning (0.001 sec)

Query OK, 1 row affected, 1 warning (0.001 sec)

Query OK, 1 row affected, 1 warning (0.001 sec)

Query OK, 1 row affected, 1 warning (0.001 sec)

Query OK, 1 row affected, 1 warning (0.001 sec)

Query OK, 1 row affected, 1 warning (0.001 sec)

Query OK, 1 row affected, 1 warning (0.001 sec)

Query OK, 1 row affected, 1 warning (0.002 sec)

Query OK, 1 row affected, 1 warning (0.001 sec)

Query OK, 1 row affected, 1 warning (0.001 sec)

Query OK, 1 row affected, 1 warning (0.001 sec)

Query OK, 1 row affected, 1 warning (0.001 sec)

Query OK, 1 row affected, 1 warning (0.001 sec)

Query OK, 1 row affected, 1 warning (0.001 sec)

Query OK, 1 row affected, 1 warning (0.001 sec)

Query OK, 1 row affected, 1 warning (0.002 sec)

Query OK, 1 row affected, 1 warning (0.001 sec)

Query OK, 1 row affected, 1 warning (0.001 sec)

Query OK, 1 row affected, 1 warning (0.001 sec)

Query OK, 1 row affected, 1 warning (0.001 sec)

Query OK, 1 row affected, 1 warning (0.001 sec)

Query OK, 12 rows affected (0.008 sec)
Records: 12  Duplicates: 0  Warnings: 0

Query OK, 12 rows affected (0.002 sec)
Records: 12  Duplicates: 0  Warnings: 0

Query OK, 12 rows affected (0.002 sec)
Records: 12  Duplicates: 0  Warnings: 0

Query OK, 12 rows affected (0.001 sec)
Records: 12  Duplicates: 0  Warnings: 0

Query OK, 12 rows affected (0.001 sec)
Records: 12  Duplicates: 0  Warnings: 0

Query OK, 12 rows affected (0.002 sec)
Records: 12  Duplicates: 0  Warnings: 0

Query OK, 12 rows affected (0.002 sec)
Records: 12  Duplicates: 0  Warnings: 0

Query OK, 12 rows affected (0.002 sec)
Records: 12  Duplicates: 0  Warnings: 0

Query OK, 12 rows affected (0.002 sec)
Records: 12  Duplicates: 0  Warnings: 0

Query OK, 12 rows affected (0.002 sec)
Records: 12  Duplicates: 0  Warnings: 0

MariaDB [teste]> show tables;
+-----------------------+
| Tables_in_teste       |
+-----------------------+
| tb_cliente            |
| tb_estoque            |
| tb_filial             |
| tb_fornecedor         |
| tb_movimentacoes      |
| tb_nf                 |
| tb_nf_item            |
| tb_pedido             |
| tb_pedido_item        |
| tb_produto            |
| tb_status_nota        |
| tb_tipo_filial        |
| tb_tipo_movimentacoes |
| tb_tipo_operacao      |
| tb_tipo_pagamento     |
| tb_tipo_pedido        |
| tb_tipo_produto       |
+-----------------------+
17 rows in set (0.003 sec)

MariaDB [teste]> desc tb_estoque;
+-----------------------+-----------+------+-----+---------+-------+
| Field                 | Type      | Null | Key | Default | Extra |
+-----------------------+-----------+------+-----+---------+-------+
| ID_FILIAL             | bigint(6) | YES  | MUL | NULL    |       |
| ID_PRODUTO            | bigint(8) | YES  | MUL | NULL    |       |
| QT_ESTOQUE_DISPONIVEL | bigint(8) | YES  |     | NULL    |       |
+-----------------------+-----------+------+-----+---------+-------+
3 rows in set (0.067 sec)

MariaDB [teste]> select ID_FILIAL, ID_PRODUTO, QT_ESTOQUE_DISPONIVEL from tb_estoque;
+-----------+------------+-----------------------+
| ID_FILIAL | ID_PRODUTO | QT_ESTOQUE_DISPONIVEL |
+-----------+------------+-----------------------+
|         1 |          1 |                     0 |
|         1 |          2 |                     0 |
|         1 |          5 |                     0 |
|         1 |          6 |                     0 |
|         1 |          9 |                     0 |
|         1 |         11 |                     0 |
|         1 |          3 |                     0 |
|         1 |          7 |                     0 |
|         1 |         10 |                     0 |
|         1 |          4 |                     0 |
|         1 |          8 |                     0 |
|         1 |         12 |                     0 |
|         2 |          1 |                     0 |
|         2 |          2 |                     0 |
|         2 |          5 |                     0 |
|         2 |          6 |                     0 |
|         2 |          9 |                     0 |
|         2 |         11 |                     0 |
|         2 |          3 |                     0 |
|         2 |          7 |                     0 |
|         2 |         10 |                     0 |
|         2 |          4 |                     0 |
|         2 |          8 |                     0 |
|         2 |         12 |                     0 |
|         3 |          1 |                     0 |
|         3 |          2 |                     0 |
|         3 |          5 |                     0 |
|         3 |          6 |                     0 |
|         3 |          9 |                     0 |
|         3 |         11 |                     0 |
|         3 |          3 |                     0 |
|         3 |          7 |                     0 |
|         3 |         10 |                     0 |
|         3 |          4 |                     0 |
|         3 |          8 |                     0 |
|         3 |         12 |                     0 |
|         4 |          1 |                     0 |
|         4 |          2 |                     0 |
|         4 |          5 |                     0 |
|         4 |          6 |                     0 |
|         4 |          9 |                     0 |
|         4 |         11 |                     0 |
|         4 |          3 |                     0 |
|         4 |          7 |                     0 |
|         4 |         10 |                     0 |
|         4 |          4 |                     0 |
|         4 |          8 |                     0 |
|         4 |         12 |                     0 |
|         5 |          1 |                     0 |
|         5 |          2 |                     0 |
|         5 |          5 |                     0 |
|         5 |          6 |                     0 |
|         5 |          9 |                     0 |
|         5 |         11 |                     0 |
|         5 |          3 |                     0 |
|         5 |          7 |                     0 |
|         5 |         10 |                     0 |
|         5 |          4 |                     0 |
|         5 |          8 |                     0 |
|         5 |         12 |                     0 |
|         6 |          1 |                     0 |
|         6 |          2 |                     0 |
|         6 |          5 |                     0 |
|         6 |          6 |                     0 |
|         6 |          9 |                     0 |
|         6 |         11 |                     0 |
|         6 |          3 |                     0 |
|         6 |          7 |                     0 |
|         6 |         10 |                     0 |
|         6 |          4 |                     0 |
|         6 |          8 |                     0 |
|         6 |         12 |                     0 |
|         7 |          1 |                     0 |
|         7 |          2 |                     0 |
|         7 |          5 |                     0 |
|         7 |          6 |                     0 |
|         7 |          9 |                     0 |
|         7 |         11 |                     0 |
|         7 |          3 |                     0 |
|         7 |          7 |                     0 |
|         7 |         10 |                     0 |
|         7 |          4 |                     0 |
|         7 |          8 |                     0 |
|         7 |         12 |                     0 |
|         8 |          1 |                     0 |
|         8 |          2 |                     0 |
|         8 |          5 |                     0 |
|         8 |          6 |                     0 |
|         8 |          9 |                     0 |
|         8 |         11 |                     0 |
|         8 |          3 |                     0 |
|         8 |          7 |                     0 |
|         8 |         10 |                     0 |
|         8 |          4 |                     0 |
|         8 |          8 |                     0 |
|         8 |         12 |                     0 |
|         9 |          1 |                     0 |
|         9 |          2 |                     0 |
|         9 |          5 |                     0 |
|         9 |          6 |                     0 |
|         9 |          9 |                     0 |
|         9 |         11 |                     0 |
|         9 |          3 |                     0 |
|         9 |          7 |                     0 |
|         9 |         10 |                     0 |
|         9 |          4 |                     0 |
|         9 |          8 |                     0 |
|         9 |         12 |                     0 |
|        10 |          1 |                     0 |
|        10 |          2 |                     0 |
|        10 |          5 |                     0 |
|        10 |          6 |                     0 |
|        10 |          9 |                     0 |
|        10 |         11 |                     0 |
|        10 |          3 |                     0 |
|        10 |          7 |                     0 |
|        10 |         10 |                     0 |
|        10 |          4 |                     0 |
|        10 |          8 |                     0 |
|        10 |         12 |                     0 |
+-----------+------------+-----------------------+
120 rows in set (0.001 sec)

MariaDB [teste]> select ID_FILIAL, NOME_PRODUTO, ID_PRODUTO, QT_ESTOQUE_DISPONIVEL from tb_estoque;
ERROR 1054 (42S22): Unknown column 'NOME_PRODUTO' in 'field list'
MariaDB [teste]> SHOW TABLES;
+-----------------------+
| Tables_in_teste       |
+-----------------------+
| tb_cliente            |
| tb_estoque            |
| tb_filial             |
| tb_fornecedor         |
| tb_movimentacoes      |
| tb_nf                 |
| tb_nf_item            |
| tb_pedido             |
| tb_pedido_item        |
| tb_produto            |
| tb_status_nota        |
| tb_tipo_filial        |
| tb_tipo_movimentacoes |
| tb_tipo_operacao      |
| tb_tipo_pagamento     |
| tb_tipo_pedido        |
| tb_tipo_produto       |
+-----------------------+
17 rows in set (0.001 sec)

MariaDB [teste]> DESC TB_NF;
+-------------------+--------------+------+-----+-----------------------------------+----------------+
| Field             | Type         | Null | Key | Default                           | Extra          |
+-------------------+--------------+------+-----+-----------------------------------+----------------+
| ID_NF             | bigint(12)   | NO   | PRI | NULL                              | auto_increment |
| ID_TIPO_OPERACAO  | int(4)       | NO   | MUL | NULL                              |                |
| ID_STATUS_NOTA    | int(4)       | NO   | MUL | NULL                              |                |
| DT_EMISSAO        | date         | NO   |     | date_format(curdate(),'%d/%m/%Y') |                |
| NR_NOTA           | bigint(20)   | NO   |     | NULL                              |                |
| ID_CLIENTE        | bigint(12)   | YES  | MUL | NULL                              |                |
| ID_FORNECEDOR     | bigint(12)   | YES  | MUL | NULL                              |                |
| ID_FILIAL         | bigint(6)    | NO   | MUL | NULL                              |                |
| ID_TIPO_PAGAMENTO | int(4)       | NO   | MUL | NULL                              |                |
| VL_TOTAL_NOTA     | double(12,2) | NO   |     | NULL                              |                |
+-------------------+--------------+------+-----+-----------------------------------+----------------+
10 rows in set (0.055 sec)

MariaDB [teste]> DESC TB_ESTOQUE;
+-----------------------+-----------+------+-----+---------+-------+
| Field                 | Type      | Null | Key | Default | Extra |
+-----------------------+-----------+------+-----+---------+-------+
| ID_FILIAL             | bigint(6) | YES  | MUL | NULL    |       |
| ID_PRODUTO            | bigint(8) | YES  | MUL | NULL    |       |
| QT_ESTOQUE_DISPONIVEL | bigint(8) | YES  |     | NULL    |       |
+-----------------------+-----------+------+-----+---------+-------+
3 rows in set (0.060 sec)

MariaDB [teste]> INSERT INTO TB_ESTOQUE(NOME_FILIAL)VALUES ('BUTANTA);
    '> INSERT INTO TB_ESTOQUE(NOME_FILIAL)VALUES ('BUTANTA');
    '> INSERT INTO TB_ESTOQUE(NOME_FILIAL);
    '>
    '> ;
    '> INSERT INTO TB_ESTOQUE(NOME_FILIAL);
    '> INSERT INTO TB_ESTOQUE(NOME_FILIAL);
    '> DESC TB_ESTOQUE;
    '> ::
    '>
    '> :
    '> ;
    '>
    '> ..
    '> SHOW TABLES;
    '>
    '>
    '> INSERT INTO TB_ESTOQUE (NOME_FILIAL);
    '>
    '>
    '>
    '>
    '>
    '>
    '>
    '>
    '> ;
    '> EXIT;
    '> Bye

Treinamento@RD723932 C:\Users\Treinamento\Desktop\TESTE
# MYSQL -U ROOT
ERROR 1045 (28000): Access denied for user 'Treinamento'@'localhost' (using password: NO)

Treinamento@RD723932 C:\Users\Treinamento\Desktop\TESTE
# MYSQL -U ROOT;
ERROR 1045 (28000): Access denied for user 'Treinamento'@'localhost' (using password: NO)

Treinamento@RD723932 C:\Users\Treinamento\Desktop\TESTE
# DESC TABLES;
'DESC' não é reconhecido como um comando interno
ou externo, um programa operável ou um arquivo em lotes.

Treinamento@RD723932 C:\Users\Treinamento\Desktop\TESTE
# SHOW TABLES;
'SHOW' não é reconhecido como um comando interno
ou externo, um programa operável ou um arquivo em lotes.

Treinamento@RD723932 C:\Users\Treinamento\Desktop\TESTE
# mysql -u root;
ERROR 1045 (28000): Access denied for user 'root;'@'localhost' (using password: NO)

Treinamento@RD723932 C:\Users\Treinamento\Desktop\TESTE
# mysql -u root
Welcome to the MariaDB monitor.  Commands end with ; or \g.
Your MariaDB connection id is 13
Server version: 10.4.11-MariaDB mariadb.org binary distribution

Copyright (c) 2000, 2018, Oracle, MariaDB Corporation Ab and others.

Type 'help;' or '\h' for help. Type '\c' to clear the current input statement.

MariaDB [(none)]> show databases;
+---------------------+
| Database            |
+---------------------+
| banco               |
| information_schema  |
| linhas_ferroviarias |
| mydb                |
| mysql               |
| osmakers            |
| pano_online         |
| performance_schema  |
| phpmyadmin          |
| test                |
| teste               |
+---------------------+
11 rows in set (0.062 sec)

MariaDB [(none)]> show tables;
ERROR 1046 (3D000): No database selected
MariaDB [(none)]> use teste
Database changed
MariaDB [teste]> use teste;
Database changed
MariaDB [teste]> show tables;
+-----------------------+
| Tables_in_teste       |
+-----------------------+
| tb_cliente            |
| tb_estoque            |
| tb_filial             |
| tb_fornecedor         |
| tb_movimentacoes      |
| tb_nf                 |
| tb_nf_item            |
| tb_pedido             |
| tb_pedido_item        |
| tb_produto            |
| tb_status_nota        |
| tb_tipo_filial        |
| tb_tipo_movimentacoes |
| tb_tipo_operacao      |
| tb_tipo_pagamento     |
| tb_tipo_pedido        |
| tb_tipo_produto       |
+-----------------------+
17 rows in set (0.001 sec)

MariaDB [teste]> desc tb_estoque;
+-----------------------+-----------+------+-----+---------+-------+
| Field                 | Type      | Null | Key | Default | Extra |
+-----------------------+-----------+------+-----+---------+-------+
| ID_FILIAL             | bigint(6) | YES  | MUL | NULL    |       |
| ID_PRODUTO            | bigint(8) | YES  | MUL | NULL    |       |
| QT_ESTOQUE_DISPONIVEL | bigint(8) | YES  |     | NULL    |       |
+-----------------------+-----------+------+-----+---------+-------+
3 rows in set (0.005 sec)

MariaDB [teste]> insert into tb_estoque (NOME_FILIAL);
ERROR 1064 (42000): You have an error in your SQL syntax; check the manual that corresponds to your MariaDB server version for the right syntax to use near '' at line 1
MariaDB [teste]> insert into tb_estoque (NOME_FILIAL)values ('BUTANTA');
ERROR 1054 (42S22): Unknown column 'NOME_FILIAL' in 'field list'
MariaDB [teste]> ALTER TABLEMySQL
    -> ALTER TABLE produtos ADD descricao VARCHAR (255) AFTER codigo;
ERROR 1064 (42000): You have an error in your SQL syntax; check the manual that corresponds to your MariaDB server version for the right syntax to use near 'TABLEMySQL
ALTER TABLE produtos ADD descricao VARCHAR (255) AFTER codigo' at line 1
MariaDB [teste]> 1
    -> ALTER TABLE produtos ADD descricao VARCHAR (255) AFTER codigo;ALTER TABLEMySQL
ERROR 1064 (42000): You have an error in your SQL syntax; check the manual that corresponds to your MariaDB server version for the right syntax to use near '1
ALTER TABLE produtos ADD descricao VARCHAR (255) AFTER codigo' at line 1
    -> ALTER TABLE produtos ADD descricao VARCHAR (255) AFTER codigo;
ERROR 1064 (42000): You have an error in your SQL syntax; check the manual that corresponds to your MariaDB server version for the right syntax to use near 'TABLEMySQL
ALTER TABLE produtos ADD descricao VARCHAR (255) AFTER codigo' at line 1
MariaDB [teste]> 1
    -> ;
ERROR 1064 (42000): You have an error in your SQL syntax; check the manual that corresponds to your MariaDB server version for the right syntax to use near '1' at line 1
MariaDB [teste]> alter table tb_estoque add NOME_FILIAL varchar(30);
Query OK, 0 rows affected (0.014 sec)
Records: 0  Duplicates: 0  Warnings: 0

MariaDB [teste]> desc tb_estoque;
+-----------------------+-------------+------+-----+---------+-------+
| Field                 | Type        | Null | Key | Default | Extra |
+-----------------------+-------------+------+-----+---------+-------+
| ID_FILIAL             | bigint(6)   | YES  | MUL | NULL    |       |
| ID_PRODUTO            | bigint(8)   | YES  | MUL | NULL    |       |
| QT_ESTOQUE_DISPONIVEL | bigint(8)   | YES  |     | NULL    |       |
| NOME_FILIAL           | varchar(30) | YES  |     | NULL    |       |
+-----------------------+-------------+------+-----+---------+-------+
4 rows in set (0.058 sec)

MariaDB [teste]> alter table tb_estoque add NOME_PRODUTO varchar(30);
Query OK, 0 rows affected (0.064 sec)
Records: 0  Duplicates: 0  Warnings: 0

MariaDB [teste]> desc tb_estoque;
+-----------------------+-------------+------+-----+---------+-------+
| Field                 | Type        | Null | Key | Default | Extra |
+-----------------------+-------------+------+-----+---------+-------+
| ID_FILIAL             | bigint(6)   | YES  | MUL | NULL    |       |
| ID_PRODUTO            | bigint(8)   | YES  | MUL | NULL    |       |
| QT_ESTOQUE_DISPONIVEL | bigint(8)   | YES  |     | NULL    |       |
| NOME_FILIAL           | varchar(30) | YES  |     | NULL    |       |
| NOME_PRODUTO          | varchar(30) | YES  |     | NULL    |       |
+-----------------------+-------------+------+-----+---------+-------+
5 rows in set (0.005 sec)

MariaDB [teste]> select ID_FILIAL, NOME_FILIAL, ID_PRODUTO, NOME_PRODUTO,, QT_ESTOQUE_DISPONIVEL FROM TB_ESTOQUE ORDER BY ID_FILIAL;
ERROR 1064 (42000): You have an error in your SQL syntax; check the manual that corresponds to your MariaDB server version for the right syntax to use near ' QT_ESTOQUE_DISPONIVEL FROM TB_ESTOQUE ORDER BY ID_FILIAL' at line 1
MariaDB [teste]> select ID_FILIAL, NOME_FILIAL, ID_PRODUTO, NOME_PRODUTO,, QT_ESTOQUE_DISPONIVEL from tb_estoque order by ID_FILIAL;
ERROR 1064 (42000): You have an error in your SQL syntax; check the manual that corresponds to your MariaDB server version for the right syntax to use near ' QT_ESTOQUE_DISPONIVEL from tb_estoque order by ID_FILIAL' at line 1
MariaDB [teste]> select * from tb_estoque order by ID_FILIAL;
+-----------+------------+-----------------------+-------------+--------------+
| ID_FILIAL | ID_PRODUTO | QT_ESTOQUE_DISPONIVEL | NOME_FILIAL | NOME_PRODUTO |
+-----------+------------+-----------------------+-------------+--------------+
|         1 |          1 |                     0 | NULL        | NULL         |
|         1 |         12 |                     0 | NULL        | NULL         |
|         1 |          8 |                     0 | NULL        | NULL         |
|         1 |          4 |                     0 | NULL        | NULL         |
|         1 |         10 |                     0 | NULL        | NULL         |
|         1 |          7 |                     0 | NULL        | NULL         |
|         1 |          3 |                     0 | NULL        | NULL         |
|         1 |         11 |                     0 | NULL        | NULL         |
|         1 |          9 |                     0 | NULL        | NULL         |
|         1 |          6 |                     0 | NULL        | NULL         |
|         1 |          5 |                     0 | NULL        | NULL         |
|         1 |          2 |                     0 | NULL        | NULL         |
|         2 |          7 |                     0 | NULL        | NULL         |
|         2 |         10 |                     0 | NULL        | NULL         |
|         2 |          4 |                     0 | NULL        | NULL         |
|         2 |          8 |                     0 | NULL        | NULL         |
|         2 |         12 |                     0 | NULL        | NULL         |
|         2 |          3 |                     0 | NULL        | NULL         |
|         2 |         11 |                     0 | NULL        | NULL         |
|         2 |          9 |                     0 | NULL        | NULL         |
|         2 |          6 |                     0 | NULL        | NULL         |
|         2 |          5 |                     0 | NULL        | NULL         |
|         2 |          2 |                     0 | NULL        | NULL         |
|         2 |          1 |                     0 | NULL        | NULL         |
|         3 |          7 |                     0 | NULL        | NULL         |
|         3 |         10 |                     0 | NULL        | NULL         |
|         3 |          4 |                     0 | NULL        | NULL         |
|         3 |          8 |                     0 | NULL        | NULL         |
|         3 |         12 |                     0 | NULL        | NULL         |
|         3 |          3 |                     0 | NULL        | NULL         |
|         3 |         11 |                     0 | NULL        | NULL         |
|         3 |          9 |                     0 | NULL        | NULL         |
|         3 |          6 |                     0 | NULL        | NULL         |
|         3 |          5 |                     0 | NULL        | NULL         |
|         3 |          2 |                     0 | NULL        | NULL         |
|         3 |          1 |                     0 | NULL        | NULL         |
|         4 |          7 |                     0 | NULL        | NULL         |
|         4 |         10 |                     0 | NULL        | NULL         |
|         4 |          4 |                     0 | NULL        | NULL         |
|         4 |          8 |                     0 | NULL        | NULL         |
|         4 |         12 |                     0 | NULL        | NULL         |
|         4 |          3 |                     0 | NULL        | NULL         |
|         4 |         11 |                     0 | NULL        | NULL         |
|         4 |          9 |                     0 | NULL        | NULL         |
|         4 |          6 |                     0 | NULL        | NULL         |
|         4 |          5 |                     0 | NULL        | NULL         |
|         4 |          2 |                     0 | NULL        | NULL         |
|         4 |          1 |                     0 | NULL        | NULL         |
|         5 |          7 |                     0 | NULL        | NULL         |
|         5 |         10 |                     0 | NULL        | NULL         |
|         5 |          4 |                     0 | NULL        | NULL         |
|         5 |          8 |                     0 | NULL        | NULL         |
|         5 |         12 |                     0 | NULL        | NULL         |
|         5 |          3 |                     0 | NULL        | NULL         |
|         5 |         11 |                     0 | NULL        | NULL         |
|         5 |          9 |                     0 | NULL        | NULL         |
|         5 |          6 |                     0 | NULL        | NULL         |
|         5 |          5 |                     0 | NULL        | NULL         |
|         5 |          2 |                     0 | NULL        | NULL         |
|         5 |          1 |                     0 | NULL        | NULL         |
|         6 |          7 |                     0 | NULL        | NULL         |
|         6 |         10 |                     0 | NULL        | NULL         |
|         6 |          4 |                     0 | NULL        | NULL         |
|         6 |          8 |                     0 | NULL        | NULL         |
|         6 |         12 |                     0 | NULL        | NULL         |
|         6 |          3 |                     0 | NULL        | NULL         |
|         6 |         11 |                     0 | NULL        | NULL         |
|         6 |          9 |                     0 | NULL        | NULL         |
|         6 |          6 |                     0 | NULL        | NULL         |
|         6 |          5 |                     0 | NULL        | NULL         |
|         6 |          2 |                     0 | NULL        | NULL         |
|         6 |          1 |                     0 | NULL        | NULL         |
|         7 |          7 |                     0 | NULL        | NULL         |
|         7 |         10 |                     0 | NULL        | NULL         |
|         7 |          4 |                     0 | NULL        | NULL         |
|         7 |          8 |                     0 | NULL        | NULL         |
|         7 |         12 |                     0 | NULL        | NULL         |
|         7 |          3 |                     0 | NULL        | NULL         |
|         7 |         11 |                     0 | NULL        | NULL         |
|         7 |          9 |                     0 | NULL        | NULL         |
|         7 |          6 |                     0 | NULL        | NULL         |
|         7 |          5 |                     0 | NULL        | NULL         |
|         7 |          2 |                     0 | NULL        | NULL         |
|         7 |          1 |                     0 | NULL        | NULL         |
|         8 |          7 |                     0 | NULL        | NULL         |
|         8 |         10 |                     0 | NULL        | NULL         |
|         8 |          4 |                     0 | NULL        | NULL         |
|         8 |          8 |                     0 | NULL        | NULL         |
|         8 |         12 |                     0 | NULL        | NULL         |
|         8 |          3 |                     0 | NULL        | NULL         |
|         8 |         11 |                     0 | NULL        | NULL         |
|         8 |          9 |                     0 | NULL        | NULL         |
|         8 |          6 |                     0 | NULL        | NULL         |
|         8 |          5 |                     0 | NULL        | NULL         |
|         8 |          2 |                     0 | NULL        | NULL         |
|         8 |          1 |                     0 | NULL        | NULL         |
|         9 |          7 |                     0 | NULL        | NULL         |
|         9 |         10 |                     0 | NULL        | NULL         |
|         9 |          4 |                     0 | NULL        | NULL         |
|         9 |          8 |                     0 | NULL        | NULL         |
|         9 |         12 |                     0 | NULL        | NULL         |
|         9 |          3 |                     0 | NULL        | NULL         |
|         9 |         11 |                     0 | NULL        | NULL         |
|         9 |          1 |                     0 | NULL        | NULL         |
|         9 |          2 |                     0 | NULL        | NULL         |
|         9 |          5 |                     0 | NULL        | NULL         |
|         9 |          6 |                     0 | NULL        | NULL         |
|         9 |          9 |                     0 | NULL        | NULL         |
|        10 |          8 |                     0 | NULL        | NULL         |
|        10 |          4 |                     0 | NULL        | NULL         |
|        10 |         10 |                     0 | NULL        | NULL         |
|        10 |          7 |                     0 | NULL        | NULL         |
|        10 |          3 |                     0 | NULL        | NULL         |
|        10 |         11 |                     0 | NULL        | NULL         |
|        10 |          9 |                     0 | NULL        | NULL         |
|        10 |          6 |                     0 | NULL        | NULL         |
|        10 |          5 |                     0 | NULL        | NULL         |
|        10 |          2 |                     0 | NULL        | NULL         |
|        10 |          1 |                     0 | NULL        | NULL         |
|        10 |         12 |                     0 | NULL        | NULL         |
+-----------+------------+-----------------------+-------------+--------------+
120 rows in set (0.054 sec)

MariaDB [teste]> select * from tb_estoque order by ID_FILIAL;
+-----------+------------+-----------------------+-------------+--------------+
| ID_FILIAL | ID_PRODUTO | QT_ESTOQUE_DISPONIVEL | NOME_FILIAL | NOME_PRODUTO |
+-----------+------------+-----------------------+-------------+--------------+
|         1 |          1 |                     0 | NULL        | NULL         |
|         1 |         12 |                     0 | NULL        | NULL         |
|         1 |          8 |                     0 | NULL        | NULL         |
|         1 |          4 |                     0 | NULL        | NULL         |
|         1 |         10 |                     0 | NULL        | NULL         |
|         1 |          7 |                     0 | NULL        | NULL         |
|         1 |          3 |                     0 | NULL        | NULL         |
|         1 |         11 |                     0 | NULL        | NULL         |
|         1 |          9 |                     0 | NULL        | NULL         |
|         1 |          6 |                     0 | NULL        | NULL         |
|         1 |          5 |                     0 | NULL        | NULL         |
|         1 |          2 |                     0 | NULL        | NULL         |
|         2 |          7 |                     0 | NULL        | NULL         |
|         2 |         10 |                     0 | NULL        | NULL         |
|         2 |          4 |                     0 | NULL        | NULL         |
|         2 |          8 |                     0 | NULL        | NULL         |
|         2 |         12 |                     0 | NULL        | NULL         |
|         2 |          3 |                     0 | NULL        | NULL         |
|         2 |         11 |                     0 | NULL        | NULL         |
|         2 |          9 |                     0 | NULL        | NULL         |
|         2 |          6 |                     0 | NULL        | NULL         |
|         2 |          5 |                     0 | NULL        | NULL         |
|         2 |          2 |                     0 | NULL        | NULL         |
|         2 |          1 |                     0 | NULL        | NULL         |
|         3 |          7 |                     0 | NULL        | NULL         |
|         3 |         10 |                     0 | NULL        | NULL         |
|         3 |          4 |                     0 | NULL        | NULL         |
|         3 |          8 |                     0 | NULL        | NULL         |
|         3 |         12 |                     0 | NULL        | NULL         |
|         3 |          3 |                     0 | NULL        | NULL         |
|         3 |         11 |                     0 | NULL        | NULL         |
|         3 |          9 |                     0 | NULL        | NULL         |
|         3 |          6 |                     0 | NULL        | NULL         |
|         3 |          5 |                     0 | NULL        | NULL         |
|         3 |          2 |                     0 | NULL        | NULL         |
|         3 |          1 |                     0 | NULL        | NULL         |
|         4 |          7 |                     0 | NULL        | NULL         |
|         4 |         10 |                     0 | NULL        | NULL         |
|         4 |          4 |                     0 | NULL        | NULL         |
|         4 |          8 |                     0 | NULL        | NULL         |
|         4 |         12 |                     0 | NULL        | NULL         |
|         4 |          3 |                     0 | NULL        | NULL         |
|         4 |         11 |                     0 | NULL        | NULL         |
|         4 |          9 |                     0 | NULL        | NULL         |
|         4 |          6 |                     0 | NULL        | NULL         |
|         4 |          5 |                     0 | NULL        | NULL         |
|         4 |          2 |                     0 | NULL        | NULL         |
|         4 |          1 |                     0 | NULL        | NULL         |
|         5 |          7 |                     0 | NULL        | NULL         |
|         5 |         10 |                     0 | NULL        | NULL         |
|         5 |          4 |                     0 | NULL        | NULL         |
|         5 |          8 |                     0 | NULL        | NULL         |
|         5 |         12 |                     0 | NULL        | NULL         |
|         5 |          3 |                     0 | NULL        | NULL         |
|         5 |         11 |                     0 | NULL        | NULL         |
|         5 |          9 |                     0 | NULL        | NULL         |
|         5 |          6 |                     0 | NULL        | NULL         |
|         5 |          5 |                     0 | NULL        | NULL         |
|         5 |          2 |                     0 | NULL        | NULL         |
|         5 |          1 |                     0 | NULL        | NULL         |
|         6 |          7 |                     0 | NULL        | NULL         |
|         6 |         10 |                     0 | NULL        | NULL         |
|         6 |          4 |                     0 | NULL        | NULL         |
|         6 |          8 |                     0 | NULL        | NULL         |
|         6 |         12 |                     0 | NULL        | NULL         |
|         6 |          3 |                     0 | NULL        | NULL         |
|         6 |         11 |                     0 | NULL        | NULL         |
|         6 |          9 |                     0 | NULL        | NULL         |
|         6 |          6 |                     0 | NULL        | NULL         |
|         6 |          5 |                     0 | NULL        | NULL         |
|         6 |          2 |                     0 | NULL        | NULL         |
|         6 |          1 |                     0 | NULL        | NULL         |
|         7 |          7 |                     0 | NULL        | NULL         |
|         7 |         10 |                     0 | NULL        | NULL         |
|         7 |          4 |                     0 | NULL        | NULL         |
|         7 |          8 |                     0 | NULL        | NULL         |
|         7 |         12 |                     0 | NULL        | NULL         |
|         7 |          3 |                     0 | NULL        | NULL         |
|         7 |         11 |                     0 | NULL        | NULL         |
|         7 |          9 |                     0 | NULL        | NULL         |
|         7 |          6 |                     0 | NULL        | NULL         |
|         7 |          5 |                     0 | NULL        | NULL         |
|         7 |          2 |                     0 | NULL        | NULL         |
|         7 |          1 |                     0 | NULL        | NULL         |
|         8 |          7 |                     0 | NULL        | NULL         |
|         8 |         10 |                     0 | NULL        | NULL         |
|         8 |          4 |                     0 | NULL        | NULL         |
|         8 |          8 |                     0 | NULL        | NULL         |
|         8 |         12 |                     0 | NULL        | NULL         |
|         8 |          3 |                     0 | NULL        | NULL         |
|         8 |         11 |                     0 | NULL        | NULL         |
|         8 |          9 |                     0 | NULL        | NULL         |
|         8 |          6 |                     0 | NULL        | NULL         |
|         8 |          5 |                     0 | NULL        | NULL         |
|         8 |          2 |                     0 | NULL        | NULL         |
|         8 |          1 |                     0 | NULL        | NULL         |
|         9 |          7 |                     0 | NULL        | NULL         |
|         9 |         10 |                     0 | NULL        | NULL         |
|         9 |          4 |                     0 | NULL        | NULL         |
|         9 |          8 |                     0 | NULL        | NULL         |
|         9 |         12 |                     0 | NULL        | NULL         |
|         9 |          3 |                     0 | NULL        | NULL         |
|         9 |         11 |                     0 | NULL        | NULL         |
|         9 |          1 |                     0 | NULL        | NULL         |
|         9 |          2 |                     0 | NULL        | NULL         |
|         9 |          5 |                     0 | NULL        | NULL         |
|         9 |          6 |                     0 | NULL        | NULL         |
|         9 |          9 |                     0 | NULL        | NULL         |
|        10 |          8 |                     0 | NULL        | NULL         |
|        10 |          4 |                     0 | NULL        | NULL         |
|        10 |         10 |                     0 | NULL        | NULL         |
|        10 |          7 |                     0 | NULL        | NULL         |
|        10 |          3 |                     0 | NULL        | NULL         |
|        10 |         11 |                     0 | NULL        | NULL         |
|        10 |          9 |                     0 | NULL        | NULL         |
|        10 |          6 |                     0 | NULL        | NULL         |
|        10 |          5 |                     0 | NULL        | NULL         |
|        10 |          2 |                     0 | NULL        | NULL         |
|        10 |          1 |                     0 | NULL        | NULL         |
|        10 |         12 |                     0 | NULL        | NULL         |
+-----------+------------+-----------------------+-------------+--------------+
120 rows in set (0.001 sec)

MariaDB [teste]>